// Jest Snapshot v1, https://goo.gl/fbAQLP

exports[`MultiStoryContainer Component Match Snapshot 1`] = `null`;
